<?php return array (
  0 => 'Symfony\\Bundle\\FrameworkBundle\\Controller\\AbstractController',
  1 => 'Doctrine\\Bundle\\DoctrineBundle\\Controller\\ProfilerController',
  2 => 'Doctrine\\ORM\\Cache\\Persister\\Entity\\AbstractEntityPersister',
  3 => 'Doctrine\\ORM\\Cache\\Persister\\Entity\\CachedEntityPersister',
  4 => 'Doctrine\\ORM\\Cache\\Persister\\Entity\\NonStrictReadWriteCachedEntityPersister',
  5 => 'Doctrine\\ORM\\Cache\\Persister\\Entity\\ReadOnlyCachedEntityPersister',
  6 => 'Doctrine\\ORM\\Cache\\Persister\\Entity\\ReadWriteCachedEntityPersister',
  7 => 'Doctrine\\ORM\\Persisters\\Entity\\AbstractEntityInheritancePersister',
  8 => 'Doctrine\\ORM\\Persisters\\Entity\\BasicEntityPersister',
  9 => 'Doctrine\\ORM\\Persisters\\Entity\\CachedPersisterContext',
  10 => 'Doctrine\\ORM\\Persisters\\Entity\\EntityPersister',
  11 => 'Doctrine\\ORM\\Persisters\\Entity\\JoinedSubclassPersister',
  12 => 'Doctrine\\ORM\\Persisters\\Entity\\SingleTablePersister',
  13 => 'Eccube\\Controller\\AbstractController',
  14 => 'Eccube\\Controller\\AbstractShoppingController',
  15 => 'Eccube\\Controller\\Admin\\AbstractCsvImportController',
  16 => 'Eccube\\Controller\\Admin\\AdminController',
  17 => 'Eccube\\Controller\\Admin\\Content\\BlockController',
  18 => 'Eccube\\Controller\\Admin\\Content\\CacheController',
  19 => 'Eccube\\Controller\\Admin\\Content\\CssController',
  20 => 'Eccube\\Controller\\Admin\\Content\\FileController',
  21 => 'Eccube\\Controller\\Admin\\Content\\JsController',
  22 => 'Eccube\\Controller\\Admin\\Content\\LayoutController',
  23 => 'Eccube\\Controller\\Admin\\Content\\MaintenanceController',
  24 => 'Eccube\\Controller\\Admin\\Content\\NewsController',
  25 => 'Eccube\\Controller\\Admin\\Content\\PageController',
  26 => 'Eccube\\Controller\\Admin\\Customer\\CustomerController',
  27 => 'Eccube\\Controller\\Admin\\Customer\\CustomerDeliveryEditController',
  28 => 'Eccube\\Controller\\Admin\\Customer\\CustomerEditController',
  29 => 'Eccube\\Controller\\Admin\\Order\\CsvImportController',
  30 => 'Eccube\\Controller\\Admin\\Order\\EditController',
  31 => 'Eccube\\Controller\\Admin\\Order\\MailController',
  32 => 'Eccube\\Controller\\Admin\\Order\\OrderController',
  33 => 'Eccube\\Controller\\Admin\\Order\\ShippingController',
  34 => 'Eccube\\Controller\\Admin\\Product\\CategoryController',
  35 => 'Eccube\\Controller\\Admin\\Product\\ClassCategoryController',
  36 => 'Eccube\\Controller\\Admin\\Product\\ClassNameController',
  37 => 'Eccube\\Controller\\Admin\\Product\\CsvImportController',
  38 => 'Eccube\\Controller\\Admin\\Product\\ProductClassController',
  39 => 'Eccube\\Controller\\Admin\\Product\\ProductController',
  40 => 'Eccube\\Controller\\Admin\\Product\\TagController',
  41 => 'Eccube\\Controller\\Admin\\Setting\\Shop\\CalendarController',
  42 => 'Eccube\\Controller\\Admin\\Setting\\Shop\\CsvController',
  43 => 'Eccube\\Controller\\Admin\\Setting\\Shop\\DeliveryController',
  44 => 'Eccube\\Controller\\Admin\\Setting\\Shop\\MailController',
  45 => 'Eccube\\Controller\\Admin\\Setting\\Shop\\OrderStatusController',
  46 => 'Eccube\\Controller\\Admin\\Setting\\Shop\\PaymentController',
  47 => 'Eccube\\Controller\\Admin\\Setting\\Shop\\ShopController',
  48 => 'Eccube\\Controller\\Admin\\Setting\\Shop\\TaxRuleController',
  49 => 'Eccube\\Controller\\Admin\\Setting\\System\\AuthorityController',
  50 => 'Eccube\\Controller\\Admin\\Setting\\System\\LogController',
  51 => 'Eccube\\Controller\\Admin\\Setting\\System\\LoginHistoryController',
  52 => 'Eccube\\Controller\\Admin\\Setting\\System\\MasterdataController',
  53 => 'Eccube\\Controller\\Admin\\Setting\\System\\MemberController',
  54 => 'Eccube\\Controller\\Admin\\Setting\\System\\SecurityController',
  55 => 'Eccube\\Controller\\Admin\\Setting\\System\\SystemController',
  56 => 'Eccube\\Controller\\Admin\\Setting\\System\\TwoFactorAuthController',
  57 => 'Eccube\\Controller\\Admin\\Store\\OwnerStoreController',
  58 => 'Eccube\\Controller\\Admin\\Store\\PluginController',
  59 => 'Eccube\\Controller\\Admin\\Store\\TemplateController',
  60 => 'Eccube\\Controller\\Block\\CalendarController',
  61 => 'Eccube\\Controller\\Block\\CartController',
  62 => 'Eccube\\Controller\\Block\\SearchProductController',
  63 => 'Eccube\\Controller\\CartController',
  64 => 'Eccube\\Controller\\ContactController',
  65 => 'Eccube\\Controller\\EntryController',
  66 => 'Eccube\\Controller\\ForgotController',
  67 => 'Eccube\\Controller\\HelpController',
  68 => 'Eccube\\Controller\\InstallPluginController',
  69 => 'Eccube\\Controller\\Install\\InstallController',
  70 => 'Eccube\\Controller\\Mypage\\ChangeController',
  71 => 'Eccube\\Controller\\Mypage\\DeliveryController',
  72 => 'Eccube\\Controller\\Mypage\\MypageController',
  73 => 'Eccube\\Controller\\Mypage\\WithdrawController',
  74 => 'Eccube\\Controller\\NonMemberShoppingController',
  75 => 'Eccube\\Controller\\ProductController',
  76 => 'Eccube\\Controller\\ShippingMultipleController',
  77 => 'Eccube\\Controller\\ShoppingController',
  78 => 'Eccube\\Controller\\SitemapController',
  79 => 'Eccube\\Controller\\TopController',
  80 => 'Eccube\\Controller\\UserDataController',
  81 => 'Eccube\\Entity\\AbstractEntity',
  82 => 'Eccube\\Entity\\AuthorityRole',
  83 => 'Eccube\\Entity\\BaseInfo',
  84 => 'Eccube\\Entity\\Block',
  85 => 'Eccube\\Entity\\BlockPosition',
  86 => 'Eccube\\Entity\\Calendar',
  87 => 'Eccube\\Entity\\Cart',
  88 => 'Eccube\\Entity\\CartItem',
  89 => 'Eccube\\Entity\\Category',
  90 => 'Eccube\\Entity\\ClassCategory',
  91 => 'Eccube\\Entity\\ClassName',
  92 => 'Eccube\\Entity\\Csv',
  93 => 'Eccube\\Entity\\Customer',
  94 => 'Eccube\\Entity\\CustomerAddress',
  95 => 'Eccube\\Entity\\CustomerFavoriteProduct',
  96 => 'Eccube\\Entity\\Delivery',
  97 => 'Eccube\\Entity\\DeliveryDuration',
  98 => 'Eccube\\Entity\\DeliveryFee',
  99 => 'Eccube\\Entity\\DeliveryTime',
  100 => 'Eccube\\Entity\\ExportCsvRow',
  101 => 'Eccube\\Entity\\ItemHolderInterface',
  102 => 'Eccube\\Entity\\ItemInterface',
  103 => 'Eccube\\Entity\\Layout',
  104 => 'Eccube\\Entity\\LoginHistory',
  105 => 'Eccube\\Entity\\MailHistory',
  106 => 'Eccube\\Entity\\MailTemplate',
  107 => 'Eccube\\Entity\\Master\\AbstractMasterEntity',
  108 => 'Eccube\\Entity\\Master\\Authority',
  109 => 'Eccube\\Entity\\Master\\Country',
  110 => 'Eccube\\Entity\\Master\\CsvType',
  111 => 'Eccube\\Entity\\Master\\CustomerOrderStatus',
  112 => 'Eccube\\Entity\\Master\\CustomerStatus',
  113 => 'Eccube\\Entity\\Master\\DeviceType',
  114 => 'Eccube\\Entity\\Master\\Job',
  115 => 'Eccube\\Entity\\Master\\LoginHistoryStatus',
  116 => 'Eccube\\Entity\\Master\\OrderItemType',
  117 => 'Eccube\\Entity\\Master\\OrderStatus',
  118 => 'Eccube\\Entity\\Master\\OrderStatusColor',
  119 => 'Eccube\\Entity\\Master\\PageMax',
  120 => 'Eccube\\Entity\\Master\\Pref',
  121 => 'Eccube\\Entity\\Master\\ProductListMax',
  122 => 'Eccube\\Entity\\Master\\ProductListOrderBy',
  123 => 'Eccube\\Entity\\Master\\ProductStatus',
  124 => 'Eccube\\Entity\\Master\\RoundingType',
  125 => 'Eccube\\Entity\\Master\\SaleType',
  126 => 'Eccube\\Entity\\Master\\Sex',
  127 => 'Eccube\\Entity\\Master\\TaxDisplayType',
  128 => 'Eccube\\Entity\\Master\\TaxType',
  129 => 'Eccube\\Entity\\Master\\Work',
  130 => 'Eccube\\Entity\\Member',
  131 => 'Eccube\\Entity\\NameTrait',
  132 => 'Eccube\\Entity\\News',
  133 => 'Eccube\\Entity\\Order',
  134 => 'Eccube\\Entity\\OrderItem',
  135 => 'Eccube\\Entity\\OrderPdf',
  136 => 'Eccube\\Entity\\Page',
  137 => 'Eccube\\Entity\\PageLayout',
  138 => 'Eccube\\Entity\\Payment',
  139 => 'Eccube\\Entity\\PaymentOption',
  140 => 'Eccube\\Entity\\Plugin',
  141 => 'Eccube\\Entity\\PointRateTrait',
  142 => 'Eccube\\Entity\\PointTrait',
  143 => 'Eccube\\Entity\\Product',
  144 => 'Eccube\\Entity\\ProductCategory',
  145 => 'Eccube\\Entity\\ProductClass',
  146 => 'Eccube\\Entity\\ProductImage',
  147 => 'Eccube\\Entity\\ProductStock',
  148 => 'Eccube\\Entity\\ProductTag',
  149 => 'Eccube\\Entity\\PurchaseInterface',
  150 => 'Eccube\\Entity\\Shipping',
  151 => 'Eccube\\Entity\\Tag',
  152 => 'Eccube\\Entity\\TaxRule',
  153 => 'Eccube\\Entity\\Template',
  154 => 'JsonSchema\\Entity\\JsonPointer',
  155 => 'Plugin\\AnnotatedRouting\\Controller\\AnnotatedRoutingController',
  156 => 'Plugin\\EntityExtension\\Entity\\CustomerSortNoTrait',
  157 => 'Plugin\\EntityForm\\Entity\\ProductUrlTrait',
  158 => 'Plugin\\HogePlugin\\Controller\\IndexController',
  159 => 'Plugin\\MigrationSample\\Entity\\BaseInfo3Trait',
  161 => 'Symfony\\Bundle\\FrameworkBundle\\Controller\\Controller',
  162 => 'Symfony\\Bundle\\FrameworkBundle\\Controller\\ControllerNameParser',
  163 => 'Symfony\\Bundle\\FrameworkBundle\\Controller\\ControllerResolver',
  164 => 'Symfony\\Bundle\\FrameworkBundle\\Controller\\ControllerTrait',
  165 => 'Symfony\\Bundle\\FrameworkBundle\\Controller\\RedirectController',
  166 => 'Symfony\\Bundle\\FrameworkBundle\\Controller\\TemplateController',
  167 => 'Symfony\\Bundle\\TwigBundle\\Controller\\ExceptionController',
  168 => 'Symfony\\Bundle\\TwigBundle\\Controller\\PreviewErrorController',
  169 => 'Symfony\\Bundle\\WebProfilerBundle\\Controller\\ExceptionController',
  170 => 'Symfony\\Bundle\\WebProfilerBundle\\Controller\\ExceptionPanelController',
  171 => 'Symfony\\Bundle\\WebProfilerBundle\\Controller\\ProfilerController',
  172 => 'Symfony\\Bundle\\WebProfilerBundle\\Controller\\RouterController',
  173 => 'Symfony\\Component\\HttpKernel\\Controller\\ArgumentResolver',
  174 => 'Symfony\\Component\\HttpKernel\\Controller\\ArgumentResolverInterface',
  175 => 'Symfony\\Component\\HttpKernel\\Controller\\ArgumentResolver\\DefaultValueResolver',
  176 => 'Symfony\\Component\\HttpKernel\\Controller\\ArgumentResolver\\NotTaggedControllerValueResolver',
  177 => 'Symfony\\Component\\HttpKernel\\Controller\\ArgumentResolver\\RequestAttributeValueResolver',
  178 => 'Symfony\\Component\\HttpKernel\\Controller\\ArgumentResolver\\RequestValueResolver',
  179 => 'Symfony\\Component\\HttpKernel\\Controller\\ArgumentResolver\\ServiceValueResolver',
  180 => 'Symfony\\Component\\HttpKernel\\Controller\\ArgumentResolver\\SessionValueResolver',
  181 => 'Symfony\\Component\\HttpKernel\\Controller\\ArgumentResolver\\TraceableValueResolver',
  182 => 'Symfony\\Component\\HttpKernel\\Controller\\ArgumentResolver\\VariadicValueResolver',
  183 => 'Symfony\\Component\\HttpKernel\\Controller\\ArgumentValueResolverInterface',
  184 => 'Symfony\\Component\\HttpKernel\\Controller\\ContainerControllerResolver',
  185 => 'Symfony\\Component\\HttpKernel\\Controller\\ControllerReference',
  186 => 'Symfony\\Component\\HttpKernel\\Controller\\ControllerResolver',
  187 => 'Symfony\\Component\\HttpKernel\\Controller\\ControllerResolverInterface',
  188 => 'Symfony\\Component\\HttpKernel\\Controller\\ErrorController',
  189 => 'Symfony\\Component\\HttpKernel\\Controller\\TraceableArgumentResolver',
  190 => 'Symfony\\Component\\HttpKernel\\Controller\\TraceableControllerResolver',
  191 => 'Symfony\\Component\\Security\\Http\\Controller\\UserValueResolver',
);